
[1m[46m RUN [49m[22m [36mv4.0.17 [39m[90mC:/Users/valen/Documents/Dev_Perso/SkinPicker_Project/SkinPicker_Codebase/SkinPicker-Front[39m

 [31mÔØ»[39m src/__tests__/rooms-epic6-components.test.tsx [2m([22m[2m0 test[22m[2m)[22m
 [32mÔ£ô[39m src/test/sanity.test.ts [2m([22m[2m1 test[22m[2m)[22m[32m 2[2mms[22m[39m
 [32mÔ£ô[39m src/__tests__/features/priority/priorityStore.test.ts [2m([22m[2m12 tests[22m[2m)[22m[32m 31[2mms[22m[39m
 [32mÔ£ô[39m src/__tests__/features/history/historyStore.test.ts [2m([22m[2m10 tests[22m[2m)[22m[32m 32[2mms[22m[39m
 [32mÔ£ô[39m electron/__tests__/utils/RandomSelector.test.ts [2m([22m[2m24 tests[22m[2m)[22m[32m 6[2mms[22m[39m
 [32mÔ£ô[39m src/__tests__/ownerSync.test.ts [2m([22m[2m7 tests[22m[2m)[22m[32m 5[2mms[22m[39m
 [32mÔ£ô[39m src/__tests__/colorSuggestion.test.ts [2m([22m[2m8 tests[22m[2m)[22m[32m 6[2mms[22m[39m
node.exe : [90mstderr[2m | src/__tests__/colorCache.test.ts[2m > 
[22m[2mColorCache[2m > [22m[2mshould handle corrupted localStorage 
gracefully
Au caractère C:\nvm4w\nodejs\npx.ps1:16 : 5
+     & "$basedir/node$exe"  "$basedir/node_modules/npm/bin/npx-cli.js" ...
+     ~~~~~~~~~~~~~~~~~~~~~~~~~~~~~~~~~~~~~~~~~~~~~~~~~~~~~~~~~~~~~~~~~
    + CategoryInfo          : NotSpecified: ([90mstderr[2m...rage gracefull 
   y:String) [], RemoteException
    + FullyQualifiedErrorId : NativeCommandError
 
[22m[39m[colorCache] Failed to load cache from localStorage

 [32mÔ£ô[39m src/__tests__/colorCache.test.ts [2m([22m[2m9 tests[22m[2m)[22m[32m 123[2mms[22m[39m
 [32mÔ£ô[39m src/features/hooks/useRooms.test.ts [2m([22m[2m4 tests[22m[2m)[22m[32m 15[2mms[22m[39m
 [32mÔ£ô[39m src/features/hooks/useSelection.test.ts [2m([22m[2m4 tests[22m[2m)[22m[32m 232[2mms[22m[39m
 [32mÔ£ô[39m src/__tests__/ui-components.test.tsx [2m([22m[2m35 tests[22m[2m)[22m[32m 214[2mms[22m[39m
 [32mÔ£ô[39m src/__tests__/invitation-components.test.tsx [2m([22m[2m12 tests[22m[2m)[22m[33m 877[2mms[22m[39m

[31mÔÄ»ÔÄ»ÔÄ»ÔÄ»ÔÄ»ÔÄ»[39m[1m[41m Failed Suites 1 
[49m[22m[31mÔÄ»ÔÄ»ÔÄ»ÔÄ»ÔÄ»ÔÄ»ÔÄ»[39m

[41m[1m FAIL [22m[49m src/__tests__/rooms-epic6-components.test.tsx[2m [ 
src/__tests__/rooms-epic6-components.test.tsx ][22m
[31m[1mError[22m: Failed to resolve import 
"../components/rooms/SyncModeSelector" from 
"src/__tests__/rooms-epic6-components.test.tsx". Does the file exist?[39m
  Plugin: [35mvite:import-analysis[39m
  File: [36mC:/Users/valen/Documents/Dev_Perso/SkinPicker_Project/SkinPicker_
Codebase/SkinPicker-Front/src/__tests__/rooms-epic6-components.test.tsx[39m:4
:33
[33m  2  |  import { describe, it, expect, vi } from "vitest";
  3  |  import { render, screen, fireEvent } from "@testing-library/react";
  4  |  import { SyncModeSelector } from 
"../components/rooms/SyncModeSelector";
     |                                    ^
  5  |  import { SkinLineSynergyCard } from 
"../components/rooms/SkinLineSynergyCard";
  6  |  import { SynergiesPanel } from 
"../components/rooms/SynergiesPanel";[39m
[90m [2mÔØ»[22m TransformPluginContext._formatLog node_modules/vitest/node_
modules/vite/dist/node/chunks/config.js:[2m28999:43[22m[39m
[90m [2mÔØ»[22m TransformPluginContext.error node_modules/vitest/node_modul
es/vite/dist/node/chunks/config.js:[2m28996:14[22m[39m
[90m [2mÔØ»[22m normalizeUrl node_modules/vitest/node_modules/vite/dist/nod
e/chunks/config.js:[2m27119:18[22m[39m
[90m [2mÔØ»[22m node_modules/vitest/node_modules/vite/dist/node/chunks/conf
ig.js:[2m27177:32[22m[39m
[90m [2mÔØ»[22m TransformPluginContext.transform node_modules/vitest/node_m
odules/vite/dist/node/chunks/config.js:[2m27145:4[22m[39m
[90m [2mÔØ»[22m EnvironmentPluginContainer.transform node_modules/vitest/no
de_modules/vite/dist/node/chunks/config.js:[2m28797:14[22m[39m
[90m [2mÔØ»[22m loadAndTransform node_modules/vitest/node_modules/vite/dist
/node/chunks/config.js:[2m22670:26[22m[39m

[31m[2mÔÄ»ÔÄ»ÔÄ»ÔÄ»ÔÄ»ÔÄ»ÔÄ»ÔÄ»ÔÄ»ÔÄ»ÔÄ»ÔÄ»ÔÄ»ÔÄ»ÔÄ»ÔÄ»ÔÄ»ÔÄ»ÔÄ»ÔÄ»ÔÄ»ÔÄ»ÔÄ»
ÔÄ»[1/1]ÔÄ»[22m[39m


[2m Test Files [22m [1m[31m1 failed[39m[22m[2m | [22m[1m[32m11 passed[39m[22m[90m (12)[39m
[2m      Tests [22m [1m[32m126 passed[39m[22m[90m (126)[39m
[2m   Start at [22m 22:19:22
[2m   Duration [22m 15.44s[2m (transform 2.06s, setup 21.12s, import 7.00s, tests 1.54s, environment 130.05s)[22m

